#-----------------------------------------------------------
# Vivado v2018.1 (64-bit)
# SW Build 2188600 on Wed Apr  4 18:40:38 MDT 2018
# IP Build 2185939 on Wed Apr  4 20:55:05 MDT 2018
# Start of session at: Mon May 26 19:37:53 2025
# Process ID: 58224
# Current directory: E:/University Lectures/Computer Organization and Digital Design/CA/microProcessorDesign/Nano Processor
# Command line: vivado.exe -gui_launcher_event rodinguilauncherevent56696 E:\University Lectures\Computer Organization and Digital Design\CA\microProcessorDesign\Nano Processor\Nano Processor.xpr
# Log file: E:/University Lectures/Computer Organization and Digital Design/CA/microProcessorDesign/Nano Processor/vivado.log
# Journal file: E:/University Lectures/Computer Organization and Digital Design/CA/microProcessorDesign/Nano Processor\vivado.jou
#-----------------------------------------------------------
start_gui
open_project {E:/University Lectures/Computer Organization and Digital Design/CA/microProcessorDesign/Nano Processor/Nano Processor.xpr}
update_compile_order -fileset sources_1
