#-----------------------------------------------------------
# Vivado v2018.1 (64-bit)
# SW Build 2188600 on Wed Apr  4 18:40:38 MDT 2018
# IP Build 2185939 on Wed Apr  4 20:55:05 MDT 2018
# Start of session at: Fri May 16 20:29:07 2025
# Process ID: 5412
# Current directory: E:/Vivado project/Final_Nano_Processor/microProcessorDesign/Nano_Processor
# Command line: vivado.exe -gui_launcher_event rodinguilauncherevent24632 E:\Vivado project\Final_Nano_Processor\microProcessorDesign\Nano_Processor\Nano_Processor.xpr
# Log file: E:/Vivado project/Final_Nano_Processor/microProcessorDesign/Nano_Processor/vivado.log
# Journal file: E:/Vivado project/Final_Nano_Processor/microProcessorDesign/Nano_Processor\vivado.jou
#-----------------------------------------------------------
start_gui
open_project {E:/Vivado project/Final_Nano_Processor/microProcessorDesign/Nano_Processor/Nano_Processor.xpr}
update_compile_order -fileset sources_1
import_files -norecurse {{E:/Vivado project/Final_Nano_Processor/microProcessorDesign-Bosilu/AdderSubtractor4bitUnit/AdderSubtractor4bitUnit.srcs/sources_1/new/AdderSubtractor4bitUnit.vhd}}
update_compile_order -fileset sources_1
launch_simulation
source Sim_Nano_Processor.tcl
update_compile_order -fileset sources_1
export_ip_user_files -of_objects  [get_files {{E:/Vivado project/Final_Nano_Processor/microProcessorDesign/Nano_Processor/Nano_Processor.srcs/sources_1/imports/imports/Final_Nano_Processor/microProcessorDesign-Bosilu/AdderSubtractor4bitUnit/AdderSubtractor4bitUnit.srcs/sources_1/new/AdderSubtractor4bitUnit.vhd}}] -no_script -reset -force -quiet
remove_files  {{E:/Vivado project/Final_Nano_Processor/microProcessorDesign/Nano_Processor/Nano_Processor.srcs/sources_1/imports/imports/Final_Nano_Processor/microProcessorDesign-Bosilu/AdderSubtractor4bitUnit/AdderSubtractor4bitUnit.srcs/sources_1/new/AdderSubtractor4bitUnit.vhd}}
close_sim
launch_simulation
source Sim_Nano_Processor.tcl
close_sim
launch_simulation
source Sim_Nano_Processor.tcl
close_sim
launch_simulation
source Sim_Nano_Processor.tcl
reset_run synth_1
launch_runs synth_1 -jobs 8
wait_on_run synth_1
launch_runs impl_1 -jobs 8
wait_on_run impl_1
launch_runs impl_1 -to_step write_bitstream -jobs 8
wait_on_run impl_1
open_run impl_1
close_sim
